navin-ganges@navin-ganges:~$ su hduser 
Password: 
hduser@navin-ganges:/home/navin-ganges$ cd 
hduser@navin-ganges:~$ hadoop version
Hadoop 2.6.0
Subversion https://git-wip-us.apache.org/repos/asf/hadoop.git -r e3496499ecb8d220fba99dc5ed4c99c8f9e33bb1
Compiled by jenkins on 2014-11-13T21:10Z
Compiled with protoc 2.5.0
From source with checksum 18e43357c8f927c0695f1e9522859d6a
This command was run using /usr/local/hadoop/share/hadoop/common/hadoop-common-2.6.0.jar
hduser@navin-ganges:~$ hadoop fs -ls /
16/09/08 10:22:13 WARN util.NativeCodeLoader: Unable to load native-hadoop library for your platform... using builtin-java classes where applicable
ls: Call From navin-ganges/127.0.1.1 to localhost:54310 failed on connection exception: java.net.ConnectException: Connection refused; For more details see:  http://wiki.apache.org/hadoop/ConnectionRefused
hduser@navin-ganges:~$ start-all.sh
This script is Deprecated. Instead use start-dfs.sh and start-yarn.sh
16/09/08 10:22:23 WARN util.NativeCodeLoader: Unable to load native-hadoop library for your platform... using builtin-java classes where applicable
Starting namenodes on [localhost]
localhost: starting namenode, logging to /usr/local/hadoop/logs/hadoop-hduser-namenode-navin-ganges.out
localhost: starting datanode, logging to /usr/local/hadoop/logs/hadoop-hduser-datanode-navin-ganges.out
Starting secondary namenodes [0.0.0.0]
0.0.0.0: starting secondarynamenode, logging to /usr/local/hadoop/logs/hadoop-hduser-secondarynamenode-navin-ganges.out
16/09/08 10:22:45 WARN util.NativeCodeLoader: Unable to load native-hadoop library for your platform... using builtin-java classes where applicable
starting yarn daemons
starting resourcemanager, logging to /usr/local/hadoop/logs/yarn-hduser-resourcemanager-navin-ganges.out
localhost: starting nodemanager, logging to /usr/local/hadoop/logs/yarn-hduser-nodemanager-navin-ganges.out
hduser@navin-ganges:~$ hadoop fs -ls /
16/09/08 10:22:55 WARN util.NativeCodeLoader: Unable to load native-hadoop library for your platform... using builtin-java classes where applicable
Found 3 items
drwxr-xr-x   - hduser supergroup          0 2016-09-04 17:49 /Examples
drwxr-xr-x   - hduser supergroup          0 2016-09-07 20:32 /Inputs
drwxr-xr-x   - hduser supergroup          0 2016-09-06 18:48 /Project_Purple
hduser@navin-ganges:~$ hadoop fs -put /home/navin-ganges/Documents/Input\ LFS/wordcounttext Inputs/
16/09/08 10:25:12 WARN util.NativeCodeLoader: Unable to load native-hadoop library for your platform... using builtin-java classes where applicable
put: unexpected URISyntaxException
put: `Inputs/': No such file or directory
hduser@navin-ganges:~$ hadoop fs -put /home/navin-ganges/Documents/Input\ LFS/wordcounttext /Inputs/
16/09/08 10:25:32 WARN util.NativeCodeLoader: Unable to load native-hadoop library for your platform... using builtin-java classes where applicable
put: unexpected URISyntaxException
hduser@navin-ganges:~$ hadoop fs -put /home/navin-ganges/Documents/Input%20LFS/wordcounttext /Inputs/
16/09/08 10:28:19 WARN util.NativeCodeLoader: Unable to load native-hadoop library for your platform... using builtin-java classes where applicable
hduser@navin-ganges:~$ hadoop fs -ls /Inputs/
16/09/08 10:28:50 WARN util.NativeCodeLoader: Unable to load native-hadoop library for your platform... using builtin-java classes where applicable
Found 1 items
-rw-r--r--   1 hduser supergroup         89 2016-09-08 10:28 /Inputs/wordcounttext
hduser@navin-ganges:~$ hadoop fs -ls Inputs/
16/09/08 10:31:06 WARN util.NativeCodeLoader: Unable to load native-hadoop library for your platform... using builtin-java classes where applicable
ls: `Inputs/': No such file or directory
hduser@navin-ganges:~$ hadoop fs -ls /Inputs
16/09/08 10:31:20 WARN util.NativeCodeLoader: Unable to load native-hadoop library for your platform... using builtin-java classes where applicable
Found 1 items
-rw-r--r--   1 hduser supergroup         89 2016-09-08 10:28 /Inputs/wordcounttext
hduser@navin-ganges:~$ hadoop jar /home/navin-ganges/Documents/Project_Word_Count.jar /Inputs/wordcounttext /outputWordCount
Exception in thread "main" java.lang.ClassNotFoundException: /Inputs/wordcounttext
	at java.lang.Class.forName0(Native Method)
	at java.lang.Class.forName(Class.java:278)
	at org.apache.hadoop.util.RunJar.run(RunJar.java:214)
	at org.apache.hadoop.util.RunJar.main(RunJar.java:136)
hduser@navin-ganges:~$ hadoop jar /home/navin-ganges/Documents/Project_Word_Count.jar hadoop.WordCountDemo  /Inputs/wordcounttext /outputWordCount
Exception in thread "main" java.lang.ClassNotFoundException: hadoop.WordCountDemo
	at java.net.URLClassLoader$1.run(URLClassLoader.java:366)
	at java.net.URLClassLoader$1.run(URLClassLoader.java:355)
	at java.security.AccessController.doPrivileged(Native Method)
	at java.net.URLClassLoader.findClass(URLClassLoader.java:354)
	at java.lang.ClassLoader.loadClass(ClassLoader.java:425)
	at java.lang.ClassLoader.loadClass(ClassLoader.java:358)
	at java.lang.Class.forName0(Native Method)
	at java.lang.Class.forName(Class.java:278)
	at org.apache.hadoop.util.RunJar.run(RunJar.java:214)
	at org.apache.hadoop.util.RunJar.main(RunJar.java:136)
hduser@navin-ganges:~$ ls
examples.desktop  hadoop-2.6.0
hduser@navin-ganges:~$ sudo mkdir MRClasses
[sudo] password for hduser: 
hduser@navin-ganges:~$ ls
examples.desktop  hadoop-2.6.0  MRClasses
hduser@navin-ganges:~$ javac -classpath hadoop-core-2.6.0.jar -d MRClasses/ /home/navin-ganges/Eclipse_workspace/Project_Word_Count/src/WordCountDemo.java 
/home/navin-ganges/Eclipse_workspace/Project_Word_Count/src/WordCountDemo.java:4: error: package org.apache.hadoop.conf does not exist
import org.apache.hadoop.conf.Configuration;
                             ^
/home/navin-ganges/Eclipse_workspace/Project_Word_Count/src/WordCountDemo.java:5: error: package org.apache.hadoop.fs does not exist
import org.apache.hadoop.fs.Path;
                           ^
/home/navin-ganges/Eclipse_workspace/Project_Word_Count/src/WordCountDemo.java:6: error: package org.apache.hadoop.io does not exist
import org.apache.hadoop.io.IntWritable;
                           ^
/home/navin-ganges/Eclipse_workspace/Project_Word_Count/src/WordCountDemo.java:7: error: package org.apache.hadoop.io does not exist
import org.apache.hadoop.io.Text;
                           ^
/home/navin-ganges/Eclipse_workspace/Project_Word_Count/src/WordCountDemo.java:8: error: package org.apache.hadoop.mapreduce does not exist
import org.apache.hadoop.mapreduce.Job;
                                  ^
/home/navin-ganges/Eclipse_workspace/Project_Word_Count/src/WordCountDemo.java:9: error: package org.apache.hadoop.mapreduce does not exist
import org.apache.hadoop.mapreduce.Mapper;
                                  ^
/home/navin-ganges/Eclipse_workspace/Project_Word_Count/src/WordCountDemo.java:10: error: package org.apache.hadoop.mapreduce does not exist
import org.apache.hadoop.mapreduce.Reducer;
                                  ^
/home/navin-ganges/Eclipse_workspace/Project_Word_Count/src/WordCountDemo.java:11: error: package org.apache.hadoop.mapreduce.lib.input does not exist
import org.apache.hadoop.mapreduce.lib.input.FileInputFormat;
                                            ^
/home/navin-ganges/Eclipse_workspace/Project_Word_Count/src/WordCountDemo.java:12: error: package org.apache.hadoop.mapreduce.lib.output does not exist
import org.apache.hadoop.mapreduce.lib.output.FileOutputFormat;
                                             ^
/home/navin-ganges/Eclipse_workspace/Project_Word_Count/src/WordCountDemo.java:17: error: cannot find symbol
	public static class TokenizerMapper extends Mapper<Object, Text, Text, IntWritable>
	                                            ^
  symbol:   class Mapper
  location: class WordCountDemo
/home/navin-ganges/Eclipse_workspace/Project_Word_Count/src/WordCountDemo.java:17: error: cannot find symbol
	public static class TokenizerMapper extends Mapper<Object, Text, Text, IntWritable>
	                                                           ^
  symbol:   class Text
  location: class WordCountDemo
/home/navin-ganges/Eclipse_workspace/Project_Word_Count/src/WordCountDemo.java:17: error: cannot find symbol
	public static class TokenizerMapper extends Mapper<Object, Text, Text, IntWritable>
	                                                                 ^
  symbol:   class Text
  location: class WordCountDemo
/home/navin-ganges/Eclipse_workspace/Project_Word_Count/src/WordCountDemo.java:17: error: cannot find symbol
	public static class TokenizerMapper extends Mapper<Object, Text, Text, IntWritable>
	                                                                       ^
  symbol:   class IntWritable
  location: class WordCountDemo
/home/navin-ganges/Eclipse_workspace/Project_Word_Count/src/WordCountDemo.java:19: error: cannot find symbol
		private final static IntWritable one = new IntWritable();
		                     ^
  symbol:   class IntWritable
  location: class TokenizerMapper
/home/navin-ganges/Eclipse_workspace/Project_Word_Count/src/WordCountDemo.java:20: error: cannot find symbol
		private Text word = new Text();
		        ^
  symbol:   class Text
  location: class TokenizerMapper
/home/navin-ganges/Eclipse_workspace/Project_Word_Count/src/WordCountDemo.java:21: error: cannot find symbol
		public void map(Object key,Text value,Context context)throws InterruptedException,IOException
		                           ^
  symbol:   class Text
  location: class TokenizerMapper
/home/navin-ganges/Eclipse_workspace/Project_Word_Count/src/WordCountDemo.java:21: error: cannot find symbol
		public void map(Object key,Text value,Context context)throws InterruptedException,IOException
		                                      ^
  symbol:   class Context
  location: class TokenizerMapper
/home/navin-ganges/Eclipse_workspace/Project_Word_Count/src/WordCountDemo.java:32: error: cannot find symbol
	public static class IntSumReducer extends Reducer<Text, IntWritable, Text, IntWritable>
	                                          ^
  symbol:   class Reducer
  location: class WordCountDemo
/home/navin-ganges/Eclipse_workspace/Project_Word_Count/src/WordCountDemo.java:32: error: cannot find symbol
	public static class IntSumReducer extends Reducer<Text, IntWritable, Text, IntWritable>
	                                                  ^
  symbol:   class Text
  location: class WordCountDemo
/home/navin-ganges/Eclipse_workspace/Project_Word_Count/src/WordCountDemo.java:32: error: cannot find symbol
	public static class IntSumReducer extends Reducer<Text, IntWritable, Text, IntWritable>
	                                                        ^
  symbol:   class IntWritable
  location: class WordCountDemo
/home/navin-ganges/Eclipse_workspace/Project_Word_Count/src/WordCountDemo.java:32: error: cannot find symbol
	public static class IntSumReducer extends Reducer<Text, IntWritable, Text, IntWritable>
	                                                                     ^
  symbol:   class Text
  location: class WordCountDemo
/home/navin-ganges/Eclipse_workspace/Project_Word_Count/src/WordCountDemo.java:32: error: cannot find symbol
	public static class IntSumReducer extends Reducer<Text, IntWritable, Text, IntWritable>
	                                                                           ^
  symbol:   class IntWritable
  location: class WordCountDemo
/home/navin-ganges/Eclipse_workspace/Project_Word_Count/src/WordCountDemo.java:34: error: cannot find symbol
		private IntWritable result = new IntWritable();
		        ^
  symbol:   class IntWritable
  location: class IntSumReducer
/home/navin-ganges/Eclipse_workspace/Project_Word_Count/src/WordCountDemo.java:35: error: cannot find symbol
		public void reduce(Text key,Iterable<IntWritable> values,Context context) throws IOException,InterruptedException
		                   ^
  symbol:   class Text
  location: class IntSumReducer
/home/navin-ganges/Eclipse_workspace/Project_Word_Count/src/WordCountDemo.java:35: error: cannot find symbol
		public void reduce(Text key,Iterable<IntWritable> values,Context context) throws IOException,InterruptedException
		                                     ^
  symbol:   class IntWritable
  location: class IntSumReducer
/home/navin-ganges/Eclipse_workspace/Project_Word_Count/src/WordCountDemo.java:35: error: cannot find symbol
		public void reduce(Text key,Iterable<IntWritable> values,Context context) throws IOException,InterruptedException
		                                                         ^
  symbol:   class Context
  location: class IntSumReducer
/home/navin-ganges/Eclipse_workspace/Project_Word_Count/src/WordCountDemo.java:19: error: cannot find symbol
		private final static IntWritable one = new IntWritable();
		                                           ^
  symbol:   class IntWritable
  location: class TokenizerMapper
/home/navin-ganges/Eclipse_workspace/Project_Word_Count/src/WordCountDemo.java:20: error: cannot find symbol
		private Text word = new Text();
		                        ^
  symbol:   class Text
  location: class TokenizerMapper
/home/navin-ganges/Eclipse_workspace/Project_Word_Count/src/WordCountDemo.java:34: error: cannot find symbol
		private IntWritable result = new IntWritable();
		                                 ^
  symbol:   class IntWritable
  location: class IntSumReducer
/home/navin-ganges/Eclipse_workspace/Project_Word_Count/src/WordCountDemo.java:38: error: cannot find symbol
			for(IntWritable val : values)
			    ^
  symbol:   class IntWritable
  location: class IntSumReducer
/home/navin-ganges/Eclipse_workspace/Project_Word_Count/src/WordCountDemo.java:50: error: cannot find symbol
		Configuration conf = new Configuration();
		^
  symbol:   class Configuration
  location: class WordCountDemo
/home/navin-ganges/Eclipse_workspace/Project_Word_Count/src/WordCountDemo.java:50: error: cannot find symbol
		Configuration conf = new Configuration();
		                         ^
  symbol:   class Configuration
  location: class WordCountDemo
/home/navin-ganges/Eclipse_workspace/Project_Word_Count/src/WordCountDemo.java:51: error: cannot find symbol
		Job job = new Job(conf,"Word Count");
		^
  symbol:   class Job
  location: class WordCountDemo
/home/navin-ganges/Eclipse_workspace/Project_Word_Count/src/WordCountDemo.java:51: error: cannot find symbol
		Job job = new Job(conf,"Word Count");
		              ^
  symbol:   class Job
  location: class WordCountDemo
/home/navin-ganges/Eclipse_workspace/Project_Word_Count/src/WordCountDemo.java:56: error: cannot find symbol
		job.setOutputKeyClass(Text.class);
		                      ^
  symbol:   class Text
  location: class WordCountDemo
/home/navin-ganges/Eclipse_workspace/Project_Word_Count/src/WordCountDemo.java:57: error: cannot find symbol
		job.setOutputValueClass(IntWritable.class);
		                        ^
  symbol:   class IntWritable
  location: class WordCountDemo
/home/navin-ganges/Eclipse_workspace/Project_Word_Count/src/WordCountDemo.java:58: error: cannot find symbol
		FileInputFormat.addInputPath(job, new Path(args[0]));
		                                      ^
  symbol:   class Path
  location: class WordCountDemo
/home/navin-ganges/Eclipse_workspace/Project_Word_Count/src/WordCountDemo.java:58: error: cannot find symbol
		FileInputFormat.addInputPath(job, new Path(args[0]));
		^
  symbol:   variable FileInputFormat
  location: class WordCountDemo
/home/navin-ganges/Eclipse_workspace/Project_Word_Count/src/WordCountDemo.java:59: error: cannot find symbol
		FileOutputFormat.setOutputPath(job,new Path(args[1]));
		                                       ^
  symbol:   class Path
  location: class WordCountDemo
/home/navin-ganges/Eclipse_workspace/Project_Word_Count/src/WordCountDemo.java:59: error: cannot find symbol
		FileOutputFormat.setOutputPath(job,new Path(args[1]));
		^
  symbol:   variable FileOutputFormat
  location: class WordCountDemo
40 errors
hduser@navin-ganges:~$ hadoop jar /home/navin-ganges/Documents/Project_Word_Count.jar WordCountDemo  /Inputs/wordcounttext /outputWordCount
16/09/08 11:08:29 WARN util.NativeCodeLoader: Unable to load native-hadoop library for your platform... using builtin-java classes where applicable
16/09/08 11:08:32 INFO Configuration.deprecation: session.id is deprecated. Instead, use dfs.metrics.session-id
16/09/08 11:08:32 INFO jvm.JvmMetrics: Initializing JVM Metrics with processName=JobTracker, sessionId=
16/09/08 11:08:33 WARN mapreduce.JobSubmitter: Hadoop command-line option parsing not performed. Implement the Tool interface and execute your application with ToolRunner to remedy this.
16/09/08 11:08:33 INFO input.FileInputFormat: Total input paths to process : 1
16/09/08 11:08:34 INFO mapreduce.JobSubmitter: number of splits:1
16/09/08 11:08:34 INFO mapreduce.JobSubmitter: Submitting tokens for job: job_local480531704_0001
16/09/08 11:08:35 INFO mapreduce.Job: The url to track the job: http://localhost:8080/
16/09/08 11:08:35 INFO mapreduce.Job: Running job: job_local480531704_0001
16/09/08 11:08:35 INFO mapred.LocalJobRunner: OutputCommitter set in config null
16/09/08 11:08:35 INFO mapred.LocalJobRunner: OutputCommitter is org.apache.hadoop.mapreduce.lib.output.FileOutputCommitter
16/09/08 11:08:35 INFO mapred.LocalJobRunner: Waiting for map tasks
16/09/08 11:08:35 INFO mapred.LocalJobRunner: Starting task: attempt_local480531704_0001_m_000000_0
16/09/08 11:08:35 INFO mapred.Task:  Using ResourceCalculatorProcessTree : [ ]
16/09/08 11:08:35 INFO mapred.MapTask: Processing split: hdfs://localhost:54310/Inputs/wordcounttext:0+89
16/09/08 11:08:36 INFO mapreduce.Job: Job job_local480531704_0001 running in uber mode : false
16/09/08 11:08:36 INFO mapreduce.Job:  map 0% reduce 0%
16/09/08 11:08:37 INFO mapred.MapTask: (EQUATOR) 0 kvi 26214396(104857584)
16/09/08 11:08:37 INFO mapred.MapTask: mapreduce.task.io.sort.mb: 100
16/09/08 11:08:37 INFO mapred.MapTask: soft limit at 83886080
16/09/08 11:08:37 INFO mapred.MapTask: bufstart = 0; bufvoid = 104857600
16/09/08 11:08:37 INFO mapred.MapTask: kvstart = 26214396; length = 6553600
16/09/08 11:08:38 INFO mapred.MapTask: Map output collector class = org.apache.hadoop.mapred.MapTask$MapOutputBuffer
16/09/08 11:08:45 INFO mapred.LocalJobRunner: 
16/09/08 11:08:45 INFO mapred.MapTask: Starting flush of map output
16/09/08 11:08:45 INFO mapred.MapTask: Spilling map output
16/09/08 11:08:45 INFO mapred.MapTask: bufstart = 0; bufend = 165; bufvoid = 104857600
16/09/08 11:08:45 INFO mapred.MapTask: kvstart = 26214396(104857584); kvend = 26214324(104857296); length = 73/6553600
16/09/08 11:08:46 INFO mapred.MapTask: Finished spill 0
16/09/08 11:08:46 INFO mapred.Task: Task:attempt_local480531704_0001_m_000000_0 is done. And is in the process of committing
16/09/08 11:08:46 INFO mapred.LocalJobRunner: map
16/09/08 11:08:46 INFO mapred.Task: Task 'attempt_local480531704_0001_m_000000_0' done.
16/09/08 11:08:46 INFO mapred.LocalJobRunner: Finishing task: attempt_local480531704_0001_m_000000_0
16/09/08 11:08:46 INFO mapred.LocalJobRunner: map task executor complete.
16/09/08 11:08:46 INFO mapred.LocalJobRunner: Waiting for reduce tasks
16/09/08 11:08:46 INFO mapred.LocalJobRunner: Starting task: attempt_local480531704_0001_r_000000_0
16/09/08 11:08:47 INFO mapred.Task:  Using ResourceCalculatorProcessTree : [ ]
16/09/08 11:08:47 INFO mapred.ReduceTask: Using ShuffleConsumerPlugin: org.apache.hadoop.mapreduce.task.reduce.Shuffle@104a988
16/09/08 11:08:47 INFO reduce.MergeManagerImpl: MergerManager: memoryLimit=363285696, maxSingleShuffleLimit=90821424, mergeThreshold=239768576, ioSortFactor=10, memToMemMergeOutputsThreshold=10
16/09/08 11:08:47 INFO reduce.EventFetcher: attempt_local480531704_0001_r_000000_0 Thread started: EventFetcher for fetching Map Completion Events
16/09/08 11:08:47 INFO mapreduce.Job:  map 100% reduce 0%
16/09/08 11:08:47 INFO reduce.LocalFetcher: localfetcher#1 about to shuffle output of map attempt_local480531704_0001_m_000000_0 decomp: 197 len: 201 to MEMORY
16/09/08 11:08:47 INFO reduce.InMemoryMapOutput: Read 197 bytes from map-output for attempt_local480531704_0001_m_000000_0
16/09/08 11:08:47 INFO reduce.MergeManagerImpl: closeInMemoryFile -> map-output of size: 197, inMemoryMapOutputs.size() -> 1, commitMemory -> 0, usedMemory ->197
16/09/08 11:08:47 INFO reduce.EventFetcher: EventFetcher is interrupted.. Returning
16/09/08 11:08:47 INFO mapred.LocalJobRunner: 1 / 1 copied.
16/09/08 11:08:47 INFO reduce.MergeManagerImpl: finalMerge called with 1 in-memory map-outputs and 0 on-disk map-outputs
16/09/08 11:08:47 INFO mapred.Merger: Merging 1 sorted segments
16/09/08 11:08:47 INFO mapred.Merger: Down to the last merge-pass, with 1 segments left of total size: 193 bytes
16/09/08 11:08:47 INFO reduce.MergeManagerImpl: Merged 1 segments, 197 bytes to disk to satisfy reduce memory limit
16/09/08 11:08:47 INFO reduce.MergeManagerImpl: Merging 1 files, 201 bytes from disk
16/09/08 11:08:47 INFO reduce.MergeManagerImpl: Merging 0 segments, 0 bytes from memory into reduce
16/09/08 11:08:47 INFO mapred.Merger: Merging 1 sorted segments
16/09/08 11:08:47 INFO mapred.Merger: Down to the last merge-pass, with 1 segments left of total size: 193 bytes
16/09/08 11:08:47 INFO mapred.LocalJobRunner: 1 / 1 copied.
16/09/08 11:08:47 INFO Configuration.deprecation: mapred.skip.on is deprecated. Instead, use mapreduce.job.skiprecords
16/09/08 11:08:49 INFO mapred.Task: Task:attempt_local480531704_0001_r_000000_0 is done. And is in the process of committing
16/09/08 11:08:49 INFO mapred.LocalJobRunner: 1 / 1 copied.
16/09/08 11:08:49 INFO mapred.Task: Task attempt_local480531704_0001_r_000000_0 is allowed to commit now
16/09/08 11:08:49 INFO output.FileOutputCommitter: Saved output of task 'attempt_local480531704_0001_r_000000_0' to hdfs://localhost:54310/outputWordCount/_temporary/0/task_local480531704_0001_r_000000
16/09/08 11:08:49 INFO mapred.LocalJobRunner: reduce > reduce
16/09/08 11:08:49 INFO mapred.Task: Task 'attempt_local480531704_0001_r_000000_0' done.
16/09/08 11:08:49 INFO mapred.LocalJobRunner: Finishing task: attempt_local480531704_0001_r_000000_0
16/09/08 11:08:49 INFO mapred.LocalJobRunner: reduce task executor complete.
16/09/08 11:08:50 INFO mapreduce.Job:  map 100% reduce 100%
16/09/08 11:08:50 INFO mapreduce.Job: Job job_local480531704_0001 completed successfully
16/09/08 11:08:50 INFO mapreduce.Job: Counters: 38
	File System Counters
		FILE: Number of bytes read=8752
		FILE: Number of bytes written=507313
		FILE: Number of read operations=0
		FILE: Number of large read operations=0
		FILE: Number of write operations=0
		HDFS: Number of bytes read=178
		HDFS: Number of bytes written=123
		HDFS: Number of read operations=13
		HDFS: Number of large read operations=0
		HDFS: Number of write operations=4
	Map-Reduce Framework
		Map input records=3
		Map output records=19
		Map output bytes=165
		Map output materialized bytes=201
		Input split bytes=108
		Combine input records=19
		Combine output records=18
		Reduce input groups=18
		Reduce shuffle bytes=201
		Reduce input records=18
		Reduce output records=18
		Spilled Records=36
		Shuffled Maps =1
		Failed Shuffles=0
		Merged Map outputs=1
		GC time elapsed (ms)=487
		CPU time spent (ms)=0
		Physical memory (bytes) snapshot=0
		Virtual memory (bytes) snapshot=0
		Total committed heap usage (bytes)=234209280
	Shuffle Errors
		BAD_ID=0
		CONNECTION=0
		IO_ERROR=0
		WRONG_LENGTH=0
		WRONG_MAP=0
		WRONG_REDUCE=0
	File Input Format Counters 
		Bytes Read=89
	File Output Format Counters 
		Bytes Written=123
hduser@navin-ganges:~$ hadoop fs -cat /home/navin-ganges/Documents/HadoopOutputs/
16/09/08 11:09:48 WARN util.NativeCodeLoader: Unable to load native-hadoop library for your platform... using builtin-java classes where applicable
cat: `/home/navin-ganges/Documents/HadoopOutputs/': No such file or directory
hduser@navin-ganges:~$ hadoop fs -cat 
.bash_history     .cache/           MRClasses/        
.bash_logout      examples.desktop  .profile          
.bashrc           hadoop-2.6.0/     .ssh/             
hduser@navin-ganges:~$ hadoop fs -ls /
16/09/08 11:10:42 WARN util.NativeCodeLoader: Unable to load native-hadoop library for your platform... using builtin-java classes where applicable
Found 4 items
drwxr-xr-x   - hduser supergroup          0 2016-09-04 17:49 /Examples
drwxr-xr-x   - hduser supergroup          0 2016-09-08 10:28 /Inputs
drwxr-xr-x   - hduser supergroup          0 2016-09-06 18:48 /Project_Purple
drwxr-xr-x   - hduser supergroup          0 2016-09-08 11:08 /outputWordCount
hduser@navin-ganges:~$ hadoop fs -cat /outputWordCount/
16/09/08 11:11:18 WARN util.NativeCodeLoader: Unable to load native-hadoop library for your platform... using builtin-java classes where applicable
cat: `/outputWordCount': Is a directory
hduser@navin-ganges:~$ hadoop fs -ls /outputWordCount/
16/09/08 11:11:25 WARN util.NativeCodeLoader: Unable to load native-hadoop library for your platform... using builtin-java classes where applicable
Found 2 items
-rw-r--r--   1 hduser supergroup          0 2016-09-08 11:08 /outputWordCount/_SUCCESS
-rw-r--r--   1 hduser supergroup        123 2016-09-08 11:08 /outputWordCount/part-r-00000
hduser@navin-ganges:~$ hadoop fs -cat /outputWordCount/part-r-00000
16/09/08 11:11:53 WARN util.NativeCodeLoader: Unable to load native-hadoop library for your platform... using builtin-java classes where applicable
,	0
Bigdata	0
Bigdata,	0
Hadoop	0
I	0
Just	0
am	0
and	0
dont	0
goes	0
here	0
in	0
is	0
it	0
know.	0
loving	0
that	0
what	0
hduser@navin-ganges:~$ hadoop fs -put /home/navin-ganges/Documents/Input%20LFS/WC1.txt /Inputs/
16/09/08 11:18:53 WARN util.NativeCodeLoader: Unable to load native-hadoop library for your platform... using builtin-java classes where applicable
hduser@navin-ganges:~$ hadoop fs -ls /Inputs/
16/09/08 11:19:13 WARN util.NativeCodeLoader: Unable to load native-hadoop library for your platform... using builtin-java classes where applicable
Found 2 items
-rw-r--r--   1 hduser supergroup         83 2016-09-08 11:18 /Inputs/WC1.txt
-rw-r--r--   1 hduser supergroup         89 2016-09-08 10:28 /Inputs/wordcounttext
hduser@navin-ganges:~$ hadoop jar /home/navin-ganges/Documents/Project_Word_Count.jar WordCountDemo  /Inputs/WC1.txt /outputWordCount/WC1
16/09/08 11:20:09 WARN util.NativeCodeLoader: Unable to load native-hadoop library for your platform... using builtin-java classes where applicable
16/09/08 11:20:11 INFO Configuration.deprecation: session.id is deprecated. Instead, use dfs.metrics.session-id
16/09/08 11:20:11 INFO jvm.JvmMetrics: Initializing JVM Metrics with processName=JobTracker, sessionId=
16/09/08 11:20:12 WARN mapreduce.JobSubmitter: Hadoop command-line option parsing not performed. Implement the Tool interface and execute your application with ToolRunner to remedy this.
16/09/08 11:20:12 INFO input.FileInputFormat: Total input paths to process : 1
16/09/08 11:20:13 INFO mapreduce.JobSubmitter: number of splits:1
16/09/08 11:20:14 INFO mapreduce.JobSubmitter: Submitting tokens for job: job_local1248843786_0001
16/09/08 11:20:15 INFO mapreduce.Job: The url to track the job: http://localhost:8080/
16/09/08 11:20:15 INFO mapreduce.Job: Running job: job_local1248843786_0001
16/09/08 11:20:15 INFO mapred.LocalJobRunner: OutputCommitter set in config null
16/09/08 11:20:15 INFO mapred.LocalJobRunner: OutputCommitter is org.apache.hadoop.mapreduce.lib.output.FileOutputCommitter
16/09/08 11:20:15 INFO mapred.LocalJobRunner: Waiting for map tasks
16/09/08 11:20:15 INFO mapred.LocalJobRunner: Starting task: attempt_local1248843786_0001_m_000000_0
16/09/08 11:20:16 INFO mapred.Task:  Using ResourceCalculatorProcessTree : [ ]
16/09/08 11:20:16 INFO mapred.MapTask: Processing split: hdfs://localhost:54310/Inputs/WC1.txt:0+83
16/09/08 11:20:16 INFO mapreduce.Job: Job job_local1248843786_0001 running in uber mode : false
16/09/08 11:20:16 INFO mapreduce.Job:  map 0% reduce 0%
16/09/08 11:20:23 INFO mapred.MapTask: (EQUATOR) 0 kvi 26214396(104857584)
16/09/08 11:20:23 INFO mapred.MapTask: mapreduce.task.io.sort.mb: 100
16/09/08 11:20:23 INFO mapred.MapTask: soft limit at 83886080
16/09/08 11:20:23 INFO mapred.MapTask: bufstart = 0; bufvoid = 104857600
16/09/08 11:20:23 INFO mapred.MapTask: kvstart = 26214396; length = 6553600
16/09/08 11:20:27 INFO mapred.MapTask: Map output collector class = org.apache.hadoop.mapred.MapTask$MapOutputBuffer
16/09/08 11:20:34 INFO mapred.LocalJobRunner: 
16/09/08 11:20:34 INFO mapred.MapTask: Starting flush of map output
16/09/08 11:20:34 INFO mapred.MapTask: Spilling map output
16/09/08 11:20:34 INFO mapred.MapTask: bufstart = 0; bufend = 155; bufvoid = 104857600
16/09/08 11:20:34 INFO mapred.MapTask: kvstart = 26214396(104857584); kvend = 26214328(104857312); length = 69/6553600
16/09/08 11:20:35 INFO mapred.MapTask: Finished spill 0
16/09/08 11:20:35 INFO mapred.Task: Task:attempt_local1248843786_0001_m_000000_0 is done. And is in the process of committing
16/09/08 11:20:35 INFO mapred.LocalJobRunner: map
16/09/08 11:20:35 INFO mapred.Task: Task 'attempt_local1248843786_0001_m_000000_0' done.
16/09/08 11:20:35 INFO mapred.LocalJobRunner: Finishing task: attempt_local1248843786_0001_m_000000_0
16/09/08 11:20:35 INFO mapred.LocalJobRunner: map task executor complete.
16/09/08 11:20:35 INFO mapred.LocalJobRunner: Waiting for reduce tasks
16/09/08 11:20:35 INFO mapred.LocalJobRunner: Starting task: attempt_local1248843786_0001_r_000000_0
16/09/08 11:20:35 INFO mapred.Task:  Using ResourceCalculatorProcessTree : [ ]
16/09/08 11:20:35 INFO mapred.ReduceTask: Using ShuffleConsumerPlugin: org.apache.hadoop.mapreduce.task.reduce.Shuffle@c821ea
16/09/08 11:20:35 INFO reduce.MergeManagerImpl: MergerManager: memoryLimit=363285696, maxSingleShuffleLimit=90821424, mergeThreshold=239768576, ioSortFactor=10, memToMemMergeOutputsThreshold=10
16/09/08 11:20:35 INFO reduce.EventFetcher: attempt_local1248843786_0001_r_000000_0 Thread started: EventFetcher for fetching Map Completion Events
16/09/08 11:20:36 INFO mapreduce.Job:  map 100% reduce 0%
16/09/08 11:20:36 INFO reduce.LocalFetcher: localfetcher#1 about to shuffle output of map attempt_local1248843786_0001_m_000000_0 decomp: 76 len: 80 to MEMORY
16/09/08 11:20:36 INFO reduce.InMemoryMapOutput: Read 76 bytes from map-output for attempt_local1248843786_0001_m_000000_0
16/09/08 11:20:36 INFO reduce.MergeManagerImpl: closeInMemoryFile -> map-output of size: 76, inMemoryMapOutputs.size() -> 1, commitMemory -> 0, usedMemory ->76
16/09/08 11:20:36 INFO reduce.EventFetcher: EventFetcher is interrupted.. Returning
16/09/08 11:20:36 INFO mapred.LocalJobRunner: 1 / 1 copied.
16/09/08 11:20:36 INFO reduce.MergeManagerImpl: finalMerge called with 1 in-memory map-outputs and 0 on-disk map-outputs
16/09/08 11:20:36 INFO mapred.Merger: Merging 1 sorted segments
16/09/08 11:20:36 INFO mapred.Merger: Down to the last merge-pass, with 1 segments left of total size: 72 bytes
16/09/08 11:20:36 INFO reduce.MergeManagerImpl: Merged 1 segments, 76 bytes to disk to satisfy reduce memory limit
16/09/08 11:20:36 INFO reduce.MergeManagerImpl: Merging 1 files, 80 bytes from disk
16/09/08 11:20:36 INFO reduce.MergeManagerImpl: Merging 0 segments, 0 bytes from memory into reduce
16/09/08 11:20:36 INFO mapred.Merger: Merging 1 sorted segments
16/09/08 11:20:36 INFO mapred.Merger: Down to the last merge-pass, with 1 segments left of total size: 72 bytes
16/09/08 11:20:36 INFO mapred.LocalJobRunner: 1 / 1 copied.
16/09/08 11:20:36 INFO Configuration.deprecation: mapred.skip.on is deprecated. Instead, use mapreduce.job.skiprecords
16/09/08 11:20:38 INFO mapred.Task: Task:attempt_local1248843786_0001_r_000000_0 is done. And is in the process of committing
16/09/08 11:20:38 INFO mapred.LocalJobRunner: 1 / 1 copied.
16/09/08 11:20:38 INFO mapred.Task: Task attempt_local1248843786_0001_r_000000_0 is allowed to commit now
16/09/08 11:20:38 INFO output.FileOutputCommitter: Saved output of task 'attempt_local1248843786_0001_r_000000_0' to hdfs://localhost:54310/outputWordCount/WC1/_temporary/0/task_local1248843786_0001_r_000000
16/09/08 11:20:38 INFO mapred.LocalJobRunner: reduce > reduce
16/09/08 11:20:38 INFO mapred.Task: Task 'attempt_local1248843786_0001_r_000000_0' done.
16/09/08 11:20:38 INFO mapred.LocalJobRunner: Finishing task: attempt_local1248843786_0001_r_000000_0
16/09/08 11:20:38 INFO mapred.LocalJobRunner: reduce task executor complete.
16/09/08 11:20:39 INFO mapreduce.Job:  map 100% reduce 100%
16/09/08 11:20:39 INFO mapreduce.Job: Job job_local1248843786_0001 completed successfully
16/09/08 11:20:39 INFO mapreduce.Job: Counters: 38
	File System Counters
		FILE: Number of bytes read=8498
		FILE: Number of bytes written=509642
		FILE: Number of read operations=0
		FILE: Number of large read operations=0
		FILE: Number of write operations=0
		HDFS: Number of bytes read=166
		HDFS: Number of bytes written=46
		HDFS: Number of read operations=13
		HDFS: Number of large read operations=0
		HDFS: Number of write operations=4
	Map-Reduce Framework
		Map input records=5
		Map output records=18
		Map output bytes=155
		Map output materialized bytes=80
		Input split bytes=102
		Combine input records=18
		Combine output records=7
		Reduce input groups=7
		Reduce shuffle bytes=80
		Reduce input records=7
		Reduce output records=7
		Spilled Records=14
		Shuffled Maps =1
		Failed Shuffles=0
		Merged Map outputs=1
		GC time elapsed (ms)=407
		CPU time spent (ms)=0
		Physical memory (bytes) snapshot=0
		Virtual memory (bytes) snapshot=0
		Total committed heap usage (bytes)=234012672
	Shuffle Errors
		BAD_ID=0
		CONNECTION=0
		IO_ERROR=0
		WRONG_LENGTH=0
		WRONG_MAP=0
		WRONG_REDUCE=0
	File Input Format Counters 
		Bytes Read=83
	File Output Format Counters 
		Bytes Written=46
hduser@navin-ganges:~$ hadoop fs -ls /
16/09/08 11:21:11 WARN util.NativeCodeLoader: Unable to load native-hadoop library for your platform... using builtin-java classes where applicable
Found 4 items
drwxr-xr-x   - hduser supergroup          0 2016-09-04 17:49 /Examples
drwxr-xr-x   - hduser supergroup          0 2016-09-08 11:18 /Inputs
drwxr-xr-x   - hduser supergroup          0 2016-09-06 18:48 /Project_Purple
drwxr-xr-x   - hduser supergroup          0 2016-09-08 11:20 /outputWordCount
hduser@navin-ganges:~$ hadoop fs -ls /outputWordCount/
16/09/08 11:22:04 WARN util.NativeCodeLoader: Unable to load native-hadoop library for your platform... using builtin-java classes where applicable
Found 3 items
drwxr-xr-x   - hduser supergroup          0 2016-09-08 11:20 /outputWordCount/WC1
-rw-r--r--   1 hduser supergroup          0 2016-09-08 11:08 /outputWordCount/_SUCCESS
-rw-r--r--   1 hduser supergroup        123 2016-09-08 11:08 /outputWordCount/part-r-00000
hduser@navin-ganges:~$ hadoop fs -ls /outputWordCount/WC1/
16/09/08 11:22:16 WARN util.NativeCodeLoader: Unable to load native-hadoop library for your platform... using builtin-java classes where applicable
Found 2 items
-rw-r--r--   1 hduser supergroup          0 2016-09-08 11:20 /outputWordCount/WC1/_SUCCESS
-rw-r--r--   1 hduser supergroup         46 2016-09-08 11:20 /outputWordCount/WC1/part-r-00000
hduser@navin-ganges:~$ hadoop fs -cat /outputWordCount/WC1/part-r-00000
16/09/08 11:22:37 WARN util.NativeCodeLoader: Unable to load native-hadoop library for your platform... using builtin-java classes where applicable
,	0
Bye	0
Hadoop	0
Hello	0
Hi	0
Later	0
can	0
hduser@navin-ganges:~$ hadoop jar /home/navin-ganges/Documents/Project_Word_Count.jar WordCountDemo  /Inputs/WC1.txt /outputWordCount/WC1
16/09/08 11:28:39 WARN util.NativeCodeLoader: Unable to load native-hadoop library for your platform... using builtin-java classes where applicable
16/09/08 11:28:41 INFO Configuration.deprecation: session.id is deprecated. Instead, use dfs.metrics.session-id
16/09/08 11:28:41 INFO jvm.JvmMetrics: Initializing JVM Metrics with processName=JobTracker, sessionId=
Exception in thread "main" org.apache.hadoop.mapred.FileAlreadyExistsException: Output directory hdfs://localhost:54310/outputWordCount/WC1 already exists
	at org.apache.hadoop.mapreduce.lib.output.FileOutputFormat.checkOutputSpecs(FileOutputFormat.java:146)
	at org.apache.hadoop.mapreduce.JobSubmitter.checkSpecs(JobSubmitter.java:562)
	at org.apache.hadoop.mapreduce.JobSubmitter.submitJobInternal(JobSubmitter.java:432)
	at org.apache.hadoop.mapreduce.Job$10.run(Job.java:1296)
	at org.apache.hadoop.mapreduce.Job$10.run(Job.java:1293)
	at java.security.AccessController.doPrivileged(Native Method)
	at javax.security.auth.Subject.doAs(Subject.java:415)
	at org.apache.hadoop.security.UserGroupInformation.doAs(UserGroupInformation.java:1628)
	at org.apache.hadoop.mapreduce.Job.submit(Job.java:1293)
	at org.apache.hadoop.mapreduce.Job.waitForCompletion(Job.java:1314)
	at WordCountDemo.main(WordCountDemo.java:60)
	at sun.reflect.NativeMethodAccessorImpl.invoke0(Native Method)
	at sun.reflect.NativeMethodAccessorImpl.invoke(NativeMethodAccessorImpl.java:57)
	at sun.reflect.DelegatingMethodAccessorImpl.invoke(DelegatingMethodAccessorImpl.java:43)
	at java.lang.reflect.Method.invoke(Method.java:606)
	at org.apache.hadoop.util.RunJar.run(RunJar.java:221)
	at org.apache.hadoop.util.RunJar.main(RunJar.java:136)
hduser@navin-ganges:~$ hadoop jar /home/navin-ganges/Documents/Project_Word_Count.jar WordCountDemo  /Inputs/WC1.txt /outputWordCount/WC2
16/09/08 11:29:03 WARN util.NativeCodeLoader: Unable to load native-hadoop library for your platform... using builtin-java classes where applicable
16/09/08 11:29:04 INFO Configuration.deprecation: session.id is deprecated. Instead, use dfs.metrics.session-id
16/09/08 11:29:04 INFO jvm.JvmMetrics: Initializing JVM Metrics with processName=JobTracker, sessionId=
16/09/08 11:29:04 WARN mapreduce.JobSubmitter: Hadoop command-line option parsing not performed. Implement the Tool interface and execute your application with ToolRunner to remedy this.
16/09/08 11:29:04 INFO input.FileInputFormat: Total input paths to process : 1
16/09/08 11:29:05 INFO mapreduce.JobSubmitter: number of splits:1
16/09/08 11:29:05 INFO mapreduce.JobSubmitter: Submitting tokens for job: job_local1890193107_0001
16/09/08 11:29:05 INFO mapreduce.Job: The url to track the job: http://localhost:8080/
16/09/08 11:29:05 INFO mapreduce.Job: Running job: job_local1890193107_0001
16/09/08 11:29:05 INFO mapred.LocalJobRunner: OutputCommitter set in config null
16/09/08 11:29:05 INFO mapred.LocalJobRunner: OutputCommitter is org.apache.hadoop.mapreduce.lib.output.FileOutputCommitter
16/09/08 11:29:05 INFO mapred.LocalJobRunner: Waiting for map tasks
16/09/08 11:29:05 INFO mapred.LocalJobRunner: Starting task: attempt_local1890193107_0001_m_000000_0
16/09/08 11:29:05 INFO mapred.Task:  Using ResourceCalculatorProcessTree : [ ]
16/09/08 11:29:05 INFO mapred.MapTask: Processing split: hdfs://localhost:54310/Inputs/WC1.txt:0+83
16/09/08 11:29:06 INFO mapred.MapTask: (EQUATOR) 0 kvi 26214396(104857584)
16/09/08 11:29:06 INFO mapred.MapTask: mapreduce.task.io.sort.mb: 100
16/09/08 11:29:06 INFO mapred.MapTask: soft limit at 83886080
16/09/08 11:29:06 INFO mapred.MapTask: bufstart = 0; bufvoid = 104857600
16/09/08 11:29:06 INFO mapred.MapTask: kvstart = 26214396; length = 6553600
16/09/08 11:29:06 INFO mapreduce.Job: Job job_local1890193107_0001 running in uber mode : false
16/09/08 11:29:07 INFO mapreduce.Job:  map 0% reduce 0%
16/09/08 11:29:07 INFO mapred.MapTask: Map output collector class = org.apache.hadoop.mapred.MapTask$MapOutputBuffer
16/09/08 11:29:11 INFO mapred.LocalJobRunner: 
16/09/08 11:29:11 INFO mapred.MapTask: Starting flush of map output
16/09/08 11:29:11 INFO mapred.MapTask: Spilling map output
16/09/08 11:29:11 INFO mapred.MapTask: bufstart = 0; bufend = 155; bufvoid = 104857600
16/09/08 11:29:11 INFO mapred.MapTask: kvstart = 26214396(104857584); kvend = 26214328(104857312); length = 69/6553600
16/09/08 11:29:12 INFO mapred.MapTask: Finished spill 0
16/09/08 11:29:12 INFO mapred.Task: Task:attempt_local1890193107_0001_m_000000_0 is done. And is in the process of committing
16/09/08 11:29:12 INFO mapred.LocalJobRunner: map
16/09/08 11:29:12 INFO mapred.Task: Task 'attempt_local1890193107_0001_m_000000_0' done.
16/09/08 11:29:12 INFO mapred.LocalJobRunner: Finishing task: attempt_local1890193107_0001_m_000000_0
16/09/08 11:29:12 INFO mapred.LocalJobRunner: map task executor complete.
16/09/08 11:29:12 INFO mapred.LocalJobRunner: Waiting for reduce tasks
16/09/08 11:29:12 INFO mapred.LocalJobRunner: Starting task: attempt_local1890193107_0001_r_000000_0
16/09/08 11:29:12 INFO mapred.Task:  Using ResourceCalculatorProcessTree : [ ]
16/09/08 11:29:12 INFO mapred.ReduceTask: Using ShuffleConsumerPlugin: org.apache.hadoop.mapreduce.task.reduce.Shuffle@11e88fb
16/09/08 11:29:12 INFO mapreduce.Job:  map 100% reduce 0%
16/09/08 11:29:12 INFO reduce.MergeManagerImpl: MergerManager: memoryLimit=363285696, maxSingleShuffleLimit=90821424, mergeThreshold=239768576, ioSortFactor=10, memToMemMergeOutputsThreshold=10
16/09/08 11:29:12 INFO reduce.EventFetcher: attempt_local1890193107_0001_r_000000_0 Thread started: EventFetcher for fetching Map Completion Events
16/09/08 11:29:13 INFO reduce.LocalFetcher: localfetcher#1 about to shuffle output of map attempt_local1890193107_0001_m_000000_0 decomp: 76 len: 80 to MEMORY
16/09/08 11:29:13 INFO reduce.InMemoryMapOutput: Read 76 bytes from map-output for attempt_local1890193107_0001_m_000000_0
16/09/08 11:29:13 INFO reduce.MergeManagerImpl: closeInMemoryFile -> map-output of size: 76, inMemoryMapOutputs.size() -> 1, commitMemory -> 0, usedMemory ->76
16/09/08 11:29:13 INFO reduce.EventFetcher: EventFetcher is interrupted.. Returning
16/09/08 11:29:13 INFO mapred.LocalJobRunner: 1 / 1 copied.
16/09/08 11:29:13 INFO reduce.MergeManagerImpl: finalMerge called with 1 in-memory map-outputs and 0 on-disk map-outputs
16/09/08 11:29:13 INFO mapred.Merger: Merging 1 sorted segments
16/09/08 11:29:13 INFO mapred.Merger: Down to the last merge-pass, with 1 segments left of total size: 72 bytes
16/09/08 11:29:13 INFO reduce.MergeManagerImpl: Merged 1 segments, 76 bytes to disk to satisfy reduce memory limit
16/09/08 11:29:13 INFO reduce.MergeManagerImpl: Merging 1 files, 80 bytes from disk
16/09/08 11:29:13 INFO reduce.MergeManagerImpl: Merging 0 segments, 0 bytes from memory into reduce
16/09/08 11:29:13 INFO mapred.Merger: Merging 1 sorted segments
16/09/08 11:29:13 INFO mapred.Merger: Down to the last merge-pass, with 1 segments left of total size: 72 bytes
16/09/08 11:29:13 INFO mapred.LocalJobRunner: 1 / 1 copied.
16/09/08 11:29:13 INFO Configuration.deprecation: mapred.skip.on is deprecated. Instead, use mapreduce.job.skiprecords
16/09/08 11:29:15 INFO mapred.Task: Task:attempt_local1890193107_0001_r_000000_0 is done. And is in the process of committing
16/09/08 11:29:15 INFO mapred.LocalJobRunner: 1 / 1 copied.
16/09/08 11:29:15 INFO mapred.Task: Task attempt_local1890193107_0001_r_000000_0 is allowed to commit now
16/09/08 11:29:15 INFO output.FileOutputCommitter: Saved output of task 'attempt_local1890193107_0001_r_000000_0' to hdfs://localhost:54310/outputWordCount/WC2/_temporary/0/task_local1890193107_0001_r_000000
16/09/08 11:29:15 INFO mapred.LocalJobRunner: reduce > reduce
16/09/08 11:29:15 INFO mapred.Task: Task 'attempt_local1890193107_0001_r_000000_0' done.
16/09/08 11:29:15 INFO mapred.LocalJobRunner: Finishing task: attempt_local1890193107_0001_r_000000_0
16/09/08 11:29:15 INFO mapred.LocalJobRunner: reduce task executor complete.
16/09/08 11:29:15 INFO mapreduce.Job:  map 100% reduce 100%
16/09/08 11:29:16 INFO mapreduce.Job: Job job_local1890193107_0001 completed successfully
16/09/08 11:29:16 INFO mapreduce.Job: Counters: 38
	File System Counters
		FILE: Number of bytes read=8516
		FILE: Number of bytes written=509660
		FILE: Number of read operations=0
		FILE: Number of large read operations=0
		FILE: Number of write operations=0
		HDFS: Number of bytes read=166
		HDFS: Number of bytes written=46
		HDFS: Number of read operations=13
		HDFS: Number of large read operations=0
		HDFS: Number of write operations=4
	Map-Reduce Framework
		Map input records=5
		Map output records=18
		Map output bytes=155
		Map output materialized bytes=80
		Input split bytes=102
		Combine input records=18
		Combine output records=7
		Reduce input groups=7
		Reduce shuffle bytes=80
		Reduce input records=7
		Reduce output records=7
		Spilled Records=14
		Shuffled Maps =1
		Failed Shuffles=0
		Merged Map outputs=1
		GC time elapsed (ms)=198
		CPU time spent (ms)=0
		Physical memory (bytes) snapshot=0
		Virtual memory (bytes) snapshot=0
		Total committed heap usage (bytes)=233578496
	Shuffle Errors
		BAD_ID=0
		CONNECTION=0
		IO_ERROR=0
		WRONG_LENGTH=0
		WRONG_MAP=0
		WRONG_REDUCE=0
	File Input Format Counters 
		Bytes Read=83
	File Output Format Counters 
		Bytes Written=46
hduser@navin-ganges:~$ hadoop fs -cat /outputWordCount/WC2/part-r-0000016/09/08 11:29:35 WARN util.NativeCodeLoader: Unable to load native-hadoop library for your platform... using builtin-java classes where applicable
,	4
Bye	2
Hadoop	5
Hello	1
Hi	2
Later	2
can	2
hduser@navin-ganges:~$ 

