navin-ganges@navin-ganges:~$ su hduser 
Password: 
hduser@navin-ganges:/home/navin-ganges$ cd 
hduser@navin-ganges:~$ hadoop fs -ls /
16/09/12 18:31:38 WARN util.NativeCodeLoader: Unable to load native-hadoop library for your platform... using builtin-java classes where applicable
ls: Call From navin-ganges/127.0.1.1 to localhost:54310 failed on connection exception: java.net.ConnectException: Connection refused; For more details see:  http://wiki.apache.org/hadoop/ConnectionRefused
hduser@navin-ganges:~$ start-all.sh
This script is Deprecated. Instead use start-dfs.sh and start-yarn.sh
16/09/12 18:31:50 WARN util.NativeCodeLoader: Unable to load native-hadoop library for your platform... using builtin-java classes where applicable
Starting namenodes on [localhost]
localhost: starting namenode, logging to /usr/local/hadoop/logs/hadoop-hduser-namenode-navin-ganges.out
localhost: starting datanode, logging to /usr/local/hadoop/logs/hadoop-hduser-datanode-navin-ganges.out
Starting secondary namenodes [0.0.0.0]
0.0.0.0: starting secondarynamenode, logging to /usr/local/hadoop/logs/hadoop-hduser-secondarynamenode-navin-ganges.out
16/09/12 18:32:19 WARN util.NativeCodeLoader: Unable to load native-hadoop library for your platform... using builtin-java classes where applicable
starting yarn daemons
starting resourcemanager, logging to /usr/local/hadoop/logs/yarn-hduser-resourcemanager-navin-ganges.out
localhost: starting nodemanager, logging to /usr/local/hadoop/logs/yarn-hduser-nodemanager-navin-ganges.out
hduser@navin-ganges:~$ hadoop fs -ls /
16/09/12 18:32:42 WARN util.NativeCodeLoader: Unable to load native-hadoop library for your platform... using builtin-java classes where applicable
Found 4 items
drwxr-xr-x   - hduser supergroup          0 2016-09-04 17:49 /Examples
drwxr-xr-x   - hduser supergroup          0 2016-09-08 11:18 /Inputs
drwxr-xr-x   - hduser supergroup          0 2016-09-06 18:48 /Project_Purple
drwxr-xr-x   - hduser supergroup          0 2016-09-08 11:29 /outputWordCount
hduser@navin-ganges:~$ hadoop fs -ls /Examples
16/09/12 18:33:57 WARN util.NativeCodeLoader: Unable to load native-hadoop library for your platform... using builtin-java classes where applicable
hduser@navin-ganges:~$ hadoop fs -ls /Inputs
16/09/12 18:34:16 WARN util.NativeCodeLoader: Unable to load native-hadoop library for your platform... using builtin-java classes where applicable
Found 2 items
-rw-r--r--   1 hduser supergroup         83 2016-09-08 11:18 /Inputs/WC1.txt
-rw-r--r--   1 hduser supergroup         89 2016-09-08 10:28 /Inputs/wordcounttext
hduser@navin-ganges:~$ hadoop fs -cat /Inputs/WC1.txt
16/09/12 18:34:37 WARN util.NativeCodeLoader: Unable to load native-hadoop library for your platform... using builtin-java classes where applicable
Hello Hadoop ,
Hi Hi Hadoop ,
can can Hadoop ,
Bye Bye Hadoop ,
Later Later Hadoop
hduser@navin-ganges:~$ hadoop fs -ls /outputWordCount
16/09/12 18:35:27 WARN util.NativeCodeLoader: Unable to load native-hadoop library for your platform... using builtin-java classes where applicable
Found 4 items
drwxr-xr-x   - hduser supergroup          0 2016-09-08 11:20 /outputWordCount/WC1
drwxr-xr-x   - hduser supergroup          0 2016-09-08 11:29 /outputWordCount/WC2
-rw-r--r--   1 hduser supergroup          0 2016-09-08 11:08 /outputWordCount/_SUCCESS
-rw-r--r--   1 hduser supergroup        123 2016-09-08 11:08 /outputWordCount/part-r-00000
hduser@navin-ganges:~$ hadoop fs -mkdir /Outputs
16/09/12 18:36:29 WARN util.NativeCodeLoader: Unable to load native-hadoop library for your platform... using builtin-java classes where applicable
hduser@navin-ganges:~$ hadoop fs -ls /
16/09/12 18:36:46 WARN util.NativeCodeLoader: Unable to load native-hadoop library for your platform... using builtin-java classes where applicable
Found 5 items
drwxr-xr-x   - hduser supergroup          0 2016-09-04 17:49 /Examples
drwxr-xr-x   - hduser supergroup          0 2016-09-08 11:18 /Inputs
drwxr-xr-x   - hduser supergroup          0 2016-09-12 18:36 /Outputs
drwxr-xr-x   - hduser supergroup          0 2016-09-06 18:48 /Project_Purple
drwxr-xr-x   - hduser supergroup          0 2016-09-08 11:29 /outputWordCount
hduser@navin-ganges:~$ hadoop jar /home/navin-ganges/Documents/ProjectJars/WordCountv2.jar org.wordcount.WordCountv2 /Inputs/WC1.txt /Outputs/DWC1 Hi
16/09/12 18:40:46 WARN util.NativeCodeLoader: Unable to load native-hadoop library for your platform... using builtin-java classes where applicable
16/09/12 18:40:49 INFO Configuration.deprecation: session.id is deprecated. Instead, use dfs.metrics.session-id
16/09/12 18:40:49 INFO jvm.JvmMetrics: Initializing JVM Metrics with processName=JobTracker, sessionId=
16/09/12 18:40:50 WARN mapreduce.JobSubmitter: Hadoop command-line option parsing not performed. Implement the Tool interface and execute your application with ToolRunner to remedy this.
16/09/12 18:40:50 INFO input.FileInputFormat: Total input paths to process : 1
16/09/12 18:40:50 INFO mapreduce.JobSubmitter: number of splits:1
16/09/12 18:40:50 INFO mapreduce.JobSubmitter: Submitting tokens for job: job_local257812041_0001
16/09/12 18:40:51 INFO mapreduce.Job: The url to track the job: http://localhost:8080/
16/09/12 18:40:51 INFO mapreduce.Job: Running job: job_local257812041_0001
16/09/12 18:40:51 INFO mapred.LocalJobRunner: OutputCommitter set in config null
16/09/12 18:40:51 INFO mapred.LocalJobRunner: OutputCommitter is org.apache.hadoop.mapreduce.lib.output.FileOutputCommitter
16/09/12 18:40:51 INFO mapred.LocalJobRunner: Waiting for map tasks
16/09/12 18:40:51 INFO mapred.LocalJobRunner: Starting task: attempt_local257812041_0001_m_000000_0
16/09/12 18:40:51 INFO mapred.Task:  Using ResourceCalculatorProcessTree : [ ]
16/09/12 18:40:51 INFO mapred.MapTask: Processing split: hdfs://localhost:54310/Inputs/WC1.txt:0+83
16/09/12 18:40:55 INFO mapreduce.Job: Job job_local257812041_0001 running in uber mode : false
16/09/12 18:40:56 INFO mapred.MapTask: (EQUATOR) 0 kvi 26214396(104857584)
16/09/12 18:40:56 INFO mapred.MapTask: mapreduce.task.io.sort.mb: 100
16/09/12 18:40:56 INFO mapreduce.Job:  map 0% reduce 0%
16/09/12 18:40:56 INFO mapred.MapTask: soft limit at 83886080
16/09/12 18:40:56 INFO mapred.MapTask: bufstart = 0; bufvoid = 104857600
16/09/12 18:40:56 INFO mapred.MapTask: kvstart = 26214396; length = 6553600
16/09/12 18:40:57 INFO mapred.MapTask: Map output collector class = org.apache.hadoop.mapred.MapTask$MapOutputBuffer
16/09/12 18:40:58 INFO mapred.LocalJobRunner: 
16/09/12 18:40:58 INFO mapred.MapTask: Starting flush of map output
16/09/12 18:40:58 INFO mapred.MapTask: Spilling map output
16/09/12 18:40:58 INFO mapred.MapTask: bufstart = 0; bufend = 7; bufvoid = 104857600
16/09/12 18:40:58 INFO mapred.MapTask: kvstart = 26214396(104857584); kvend = 26214396(104857584); length = 1/6553600
16/09/12 18:40:59 INFO mapred.MapTask: Finished spill 0
16/09/12 18:40:59 INFO mapred.Task: Task:attempt_local257812041_0001_m_000000_0 is done. And is in the process of committing
16/09/12 18:40:59 INFO mapred.LocalJobRunner: map
16/09/12 18:40:59 INFO mapred.Task: Task 'attempt_local257812041_0001_m_000000_0' done.
16/09/12 18:40:59 INFO mapred.LocalJobRunner: Finishing task: attempt_local257812041_0001_m_000000_0
16/09/12 18:40:59 INFO mapred.LocalJobRunner: map task executor complete.
16/09/12 18:40:59 INFO mapred.LocalJobRunner: Waiting for reduce tasks
16/09/12 18:40:59 INFO mapred.LocalJobRunner: Starting task: attempt_local257812041_0001_r_000000_0
16/09/12 18:40:59 INFO mapred.Task:  Using ResourceCalculatorProcessTree : [ ]
16/09/12 18:40:59 INFO mapred.ReduceTask: Using ShuffleConsumerPlugin: org.apache.hadoop.mapreduce.task.reduce.Shuffle@18df39d
16/09/12 18:40:59 INFO reduce.MergeManagerImpl: MergerManager: memoryLimit=363285696, maxSingleShuffleLimit=90821424, mergeThreshold=239768576, ioSortFactor=10, memToMemMergeOutputsThreshold=10
16/09/12 18:40:59 INFO reduce.EventFetcher: attempt_local257812041_0001_r_000000_0 Thread started: EventFetcher for fetching Map Completion Events
16/09/12 18:40:59 INFO reduce.LocalFetcher: localfetcher#1 about to shuffle output of map attempt_local257812041_0001_m_000000_0 decomp: 11 len: 15 to MEMORY
16/09/12 18:40:59 INFO reduce.InMemoryMapOutput: Read 11 bytes from map-output for attempt_local257812041_0001_m_000000_0
16/09/12 18:40:59 INFO reduce.MergeManagerImpl: closeInMemoryFile -> map-output of size: 11, inMemoryMapOutputs.size() -> 1, commitMemory -> 0, usedMemory ->11
16/09/12 18:40:59 INFO reduce.EventFetcher: EventFetcher is interrupted.. Returning
16/09/12 18:40:59 INFO mapred.LocalJobRunner: 1 / 1 copied.
16/09/12 18:40:59 INFO reduce.MergeManagerImpl: finalMerge called with 1 in-memory map-outputs and 0 on-disk map-outputs
16/09/12 18:40:59 INFO mapred.Merger: Merging 1 sorted segments
16/09/12 18:40:59 INFO mapred.Merger: Down to the last merge-pass, with 1 segments left of total size: 6 bytes
16/09/12 18:40:59 INFO reduce.MergeManagerImpl: Merged 1 segments, 11 bytes to disk to satisfy reduce memory limit
16/09/12 18:40:59 INFO reduce.MergeManagerImpl: Merging 1 files, 15 bytes from disk
16/09/12 18:40:59 INFO reduce.MergeManagerImpl: Merging 0 segments, 0 bytes from memory into reduce
16/09/12 18:40:59 INFO mapred.Merger: Merging 1 sorted segments
16/09/12 18:40:59 INFO mapred.Merger: Down to the last merge-pass, with 1 segments left of total size: 6 bytes
16/09/12 18:40:59 INFO mapred.LocalJobRunner: 1 / 1 copied.
16/09/12 18:40:59 INFO mapreduce.Job:  map 100% reduce 0%
16/09/12 18:40:59 INFO Configuration.deprecation: mapred.skip.on is deprecated. Instead, use mapreduce.job.skiprecords
16/09/12 18:41:05 INFO mapred.LocalJobRunner: reduce > reduce
16/09/12 18:41:05 INFO mapreduce.Job:  map 100% reduce 100%
16/09/12 18:41:07 INFO mapred.Task: Task:attempt_local257812041_0001_r_000000_0 is done. And is in the process of committing
16/09/12 18:41:07 INFO mapred.LocalJobRunner: reduce > reduce
16/09/12 18:41:07 INFO mapred.Task: Task attempt_local257812041_0001_r_000000_0 is allowed to commit now
16/09/12 18:41:07 INFO output.FileOutputCommitter: Saved output of task 'attempt_local257812041_0001_r_000000_0' to hdfs://localhost:54310/Outputs/DWC1/_temporary/0/task_local257812041_0001_r_000000
16/09/12 18:41:07 INFO mapred.LocalJobRunner: reduce > reduce
16/09/12 18:41:07 INFO mapred.Task: Task 'attempt_local257812041_0001_r_000000_0' done.
16/09/12 18:41:07 INFO mapred.LocalJobRunner: Finishing task: attempt_local257812041_0001_r_000000_0
16/09/12 18:41:07 INFO mapred.LocalJobRunner: reduce task executor complete.
16/09/12 18:41:07 INFO mapreduce.Job: Job job_local257812041_0001 completed successfully
16/09/12 18:41:07 INFO mapreduce.Job: Counters: 38
	File System Counters
		FILE: Number of bytes read=8984
		FILE: Number of bytes written=508077
		FILE: Number of read operations=0
		FILE: Number of large read operations=0
		FILE: Number of write operations=0
		HDFS: Number of bytes read=166
		HDFS: Number of bytes written=5
		HDFS: Number of read operations=13
		HDFS: Number of large read operations=0
		HDFS: Number of write operations=4
	Map-Reduce Framework
		Map input records=5
		Map output records=1
		Map output bytes=7
		Map output materialized bytes=15
		Input split bytes=102
		Combine input records=1
		Combine output records=1
		Reduce input groups=1
		Reduce shuffle bytes=15
		Reduce input records=1
		Reduce output records=1
		Spilled Records=2
		Shuffled Maps =1
		Failed Shuffles=0
		Merged Map outputs=1
		GC time elapsed (ms)=164
		CPU time spent (ms)=0
		Physical memory (bytes) snapshot=0
		Virtual memory (bytes) snapshot=0
		Total committed heap usage (bytes)=233578496
	Shuffle Errors
		BAD_ID=0
		CONNECTION=0
		IO_ERROR=0
		WRONG_LENGTH=0
		WRONG_MAP=0
		WRONG_REDUCE=0
	File Input Format Counters 
		Bytes Read=83
	File Output Format Counters 
		Bytes Written=5
hduser@navin-ganges:~$ hadoop fs -ls /Outputs/DWC1
16/09/12 18:41:59 WARN util.NativeCodeLoader: Unable to load native-hadoop library for your platform... using builtin-java classes where applicable
Found 2 items
-rw-r--r--   1 hduser supergroup          0 2016-09-12 18:41 /Outputs/DWC1/_SUCCESS
-rw-r--r--   1 hduser supergroup          5 2016-09-12 18:41 /Outputs/DWC1/part-r-00000
hduser@navin-ganges:~$ hadoop fs -cat /Outputs/DWC1/part-r-00000
16/09/12 18:42:32 WARN util.NativeCodeLoader: Unable to load native-hadoop library for your platform... using builtin-java classes where applicable
Hi	1
hduser@navin-ganges:~$ hadoop jar /home/navin-ganges/Documents/ProjectJars/WordCountv3.jar org.wordcount.WordCountv2 /Inputs/WC1.txt /Outputs/DWC1 Hi
16/09/12 18:56:05 WARN util.NativeCodeLoader: Unable to load native-hadoop library for your platform... using builtin-java classes where applicable
16/09/12 18:56:06 INFO Configuration.deprecation: session.id is deprecated. Instead, use dfs.metrics.session-id
16/09/12 18:56:06 INFO jvm.JvmMetrics: Initializing JVM Metrics with processName=JobTracker, sessionId=
Exception in thread "main" org.apache.hadoop.mapred.FileAlreadyExistsException: Output directory hdfs://localhost:54310/Outputs/DWC1 already exists
	at org.apache.hadoop.mapreduce.lib.output.FileOutputFormat.checkOutputSpecs(FileOutputFormat.java:146)
	at org.apache.hadoop.mapreduce.JobSubmitter.checkSpecs(JobSubmitter.java:562)
	at org.apache.hadoop.mapreduce.JobSubmitter.submitJobInternal(JobSubmitter.java:432)
	at org.apache.hadoop.mapreduce.Job$10.run(Job.java:1296)
	at org.apache.hadoop.mapreduce.Job$10.run(Job.java:1293)
	at java.security.AccessController.doPrivileged(Native Method)
	at javax.security.auth.Subject.doAs(Subject.java:415)
	at org.apache.hadoop.security.UserGroupInformation.doAs(UserGroupInformation.java:1628)
	at org.apache.hadoop.mapreduce.Job.submit(Job.java:1293)
	at org.apache.hadoop.mapreduce.Job.waitForCompletion(Job.java:1314)
	at org.wordcount.WordCountv2.main(WordCountv2.java:71)
	at sun.reflect.NativeMethodAccessorImpl.invoke0(Native Method)
	at sun.reflect.NativeMethodAccessorImpl.invoke(NativeMethodAccessorImpl.java:57)
	at sun.reflect.DelegatingMethodAccessorImpl.invoke(DelegatingMethodAccessorImpl.java:43)
	at java.lang.reflect.Method.invoke(Method.java:606)
	at org.apache.hadoop.util.RunJar.run(RunJar.java:221)
	at org.apache.hadoop.util.RunJar.main(RunJar.java:136)
hduser@navin-ganges:~$ hadoop jar /home/navin-ganges/Documents/ProjectJars/WordCountv3.jar org.wordcount.WordCountv2 /Inputs/WC1.txt /Outputs/DWC2 Hi
16/09/12 18:56:22 WARN util.NativeCodeLoader: Unable to load native-hadoop library for your platform... using builtin-java classes where applicable
16/09/12 18:56:23 INFO Configuration.deprecation: session.id is deprecated. Instead, use dfs.metrics.session-id
16/09/12 18:56:23 INFO jvm.JvmMetrics: Initializing JVM Metrics with processName=JobTracker, sessionId=
16/09/12 18:56:23 WARN mapreduce.JobSubmitter: Hadoop command-line option parsing not performed. Implement the Tool interface and execute your application with ToolRunner to remedy this.
16/09/12 18:56:23 INFO input.FileInputFormat: Total input paths to process : 1
16/09/12 18:56:23 INFO mapreduce.JobSubmitter: number of splits:1
16/09/12 18:56:24 INFO mapreduce.JobSubmitter: Submitting tokens for job: job_local1654701963_0001
16/09/12 18:56:24 INFO mapreduce.Job: The url to track the job: http://localhost:8080/
16/09/12 18:56:24 INFO mapreduce.Job: Running job: job_local1654701963_0001
16/09/12 18:56:24 INFO mapred.LocalJobRunner: OutputCommitter set in config null
16/09/12 18:56:24 INFO mapred.LocalJobRunner: OutputCommitter is org.apache.hadoop.mapreduce.lib.output.FileOutputCommitter
16/09/12 18:56:24 INFO mapred.LocalJobRunner: Waiting for map tasks
16/09/12 18:56:24 INFO mapred.LocalJobRunner: Starting task: attempt_local1654701963_0001_m_000000_0
16/09/12 18:56:24 INFO mapred.Task:  Using ResourceCalculatorProcessTree : [ ]
16/09/12 18:56:24 INFO mapred.MapTask: Processing split: hdfs://localhost:54310/Inputs/WC1.txt:0+83
16/09/12 18:56:28 INFO mapreduce.Job: Job job_local1654701963_0001 running in uber mode : false
16/09/12 18:56:29 INFO mapred.MapTask: (EQUATOR) 0 kvi 26214396(104857584)
16/09/12 18:56:30 INFO mapred.MapTask: mapreduce.task.io.sort.mb: 100
16/09/12 18:56:30 INFO mapred.MapTask: soft limit at 83886080
16/09/12 18:56:30 INFO mapred.MapTask: bufstart = 0; bufvoid = 104857600
16/09/12 18:56:30 INFO mapred.MapTask: kvstart = 26214396; length = 6553600
16/09/12 18:56:30 INFO mapreduce.Job:  map 0% reduce 0%
16/09/12 18:56:32 INFO mapred.MapTask: Map output collector class = org.apache.hadoop.mapred.MapTask$MapOutputBuffer
16/09/12 18:56:35 INFO mapred.LocalJobRunner: 
16/09/12 18:56:35 INFO mapred.MapTask: Starting flush of map output
16/09/12 18:56:35 INFO mapred.MapTask: Spilling map output
16/09/12 18:56:35 INFO mapred.MapTask: bufstart = 0; bufend = 14; bufvoid = 104857600
16/09/12 18:56:35 INFO mapred.MapTask: kvstart = 26214396(104857584); kvend = 26214392(104857568); length = 5/6553600
16/09/12 18:56:36 INFO mapred.MapTask: Finished spill 0
16/09/12 18:56:36 INFO mapred.Task: Task:attempt_local1654701963_0001_m_000000_0 is done. And is in the process of committing
16/09/12 18:56:36 INFO mapred.LocalJobRunner: map
16/09/12 18:56:36 INFO mapred.Task: Task 'attempt_local1654701963_0001_m_000000_0' done.
16/09/12 18:56:36 INFO mapred.LocalJobRunner: Finishing task: attempt_local1654701963_0001_m_000000_0
16/09/12 18:56:36 INFO mapred.LocalJobRunner: map task executor complete.
16/09/12 18:56:36 INFO mapred.LocalJobRunner: Waiting for reduce tasks
16/09/12 18:56:36 INFO mapred.LocalJobRunner: Starting task: attempt_local1654701963_0001_r_000000_0
16/09/12 18:56:36 INFO mapred.Task:  Using ResourceCalculatorProcessTree : [ ]
16/09/12 18:56:36 INFO mapred.ReduceTask: Using ShuffleConsumerPlugin: org.apache.hadoop.mapreduce.task.reduce.Shuffle@1d62b0c
16/09/12 18:56:36 INFO reduce.MergeManagerImpl: MergerManager: memoryLimit=363285696, maxSingleShuffleLimit=90821424, mergeThreshold=239768576, ioSortFactor=10, memToMemMergeOutputsThreshold=10
16/09/12 18:56:36 INFO reduce.EventFetcher: attempt_local1654701963_0001_r_000000_0 Thread started: EventFetcher for fetching Map Completion Events
16/09/12 18:56:36 INFO mapreduce.Job:  map 100% reduce 0%
16/09/12 18:56:37 INFO reduce.LocalFetcher: localfetcher#1 about to shuffle output of map attempt_local1654701963_0001_m_000000_0 decomp: 11 len: 15 to MEMORY
16/09/12 18:56:37 INFO reduce.InMemoryMapOutput: Read 11 bytes from map-output for attempt_local1654701963_0001_m_000000_0
16/09/12 18:56:38 INFO reduce.MergeManagerImpl: closeInMemoryFile -> map-output of size: 11, inMemoryMapOutputs.size() -> 1, commitMemory -> 0, usedMemory ->11
16/09/12 18:56:38 INFO reduce.EventFetcher: EventFetcher is interrupted.. Returning
16/09/12 18:56:38 INFO mapred.LocalJobRunner: 1 / 1 copied.
16/09/12 18:56:38 INFO reduce.MergeManagerImpl: finalMerge called with 1 in-memory map-outputs and 0 on-disk map-outputs
16/09/12 18:56:38 INFO mapred.Merger: Merging 1 sorted segments
16/09/12 18:56:38 INFO mapred.Merger: Down to the last merge-pass, with 1 segments left of total size: 6 bytes
16/09/12 18:56:38 INFO reduce.MergeManagerImpl: Merged 1 segments, 11 bytes to disk to satisfy reduce memory limit
16/09/12 18:56:38 INFO reduce.MergeManagerImpl: Merging 1 files, 15 bytes from disk
16/09/12 18:56:38 INFO reduce.MergeManagerImpl: Merging 0 segments, 0 bytes from memory into reduce
16/09/12 18:56:38 INFO mapred.Merger: Merging 1 sorted segments
16/09/12 18:56:38 INFO mapred.Merger: Down to the last merge-pass, with 1 segments left of total size: 6 bytes
16/09/12 18:56:38 INFO mapred.LocalJobRunner: 1 / 1 copied.
16/09/12 18:56:38 INFO Configuration.deprecation: mapred.skip.on is deprecated. Instead, use mapreduce.job.skiprecords
16/09/12 18:56:40 INFO mapred.Task: Task:attempt_local1654701963_0001_r_000000_0 is done. And is in the process of committing
16/09/12 18:56:40 INFO mapred.LocalJobRunner: 1 / 1 copied.
16/09/12 18:56:40 INFO mapred.Task: Task attempt_local1654701963_0001_r_000000_0 is allowed to commit now
16/09/12 18:56:40 INFO output.FileOutputCommitter: Saved output of task 'attempt_local1654701963_0001_r_000000_0' to hdfs://localhost:54310/Outputs/DWC2/_temporary/0/task_local1654701963_0001_r_000000
16/09/12 18:56:40 INFO mapred.LocalJobRunner: reduce > reduce
16/09/12 18:56:40 INFO mapred.Task: Task 'attempt_local1654701963_0001_r_000000_0' done.
16/09/12 18:56:40 INFO mapred.LocalJobRunner: Finishing task: attempt_local1654701963_0001_r_000000_0
16/09/12 18:56:40 INFO mapred.LocalJobRunner: reduce task executor complete.
16/09/12 18:56:41 INFO mapreduce.Job:  map 100% reduce 100%
16/09/12 18:56:41 INFO mapreduce.Job: Job job_local1654701963_0001 completed successfully
16/09/12 18:56:41 INFO mapreduce.Job: Counters: 38
	File System Counters
		FILE: Number of bytes read=9010
		FILE: Number of bytes written=510819
		FILE: Number of read operations=0
		FILE: Number of large read operations=0
		FILE: Number of write operations=0
		HDFS: Number of bytes read=166
		HDFS: Number of bytes written=5
		HDFS: Number of read operations=13
		HDFS: Number of large read operations=0
		HDFS: Number of write operations=4
	Map-Reduce Framework
		Map input records=5
		Map output records=2
		Map output bytes=14
		Map output materialized bytes=15
		Input split bytes=102
		Combine input records=2
		Combine output records=1
		Reduce input groups=1
		Reduce shuffle bytes=15
		Reduce input records=1
		Reduce output records=1
		Spilled Records=2
		Shuffled Maps =1
		Failed Shuffles=0
		Merged Map outputs=1
		GC time elapsed (ms)=379
		CPU time spent (ms)=0
		Physical memory (bytes) snapshot=0
		Virtual memory (bytes) snapshot=0
		Total committed heap usage (bytes)=233578496
	Shuffle Errors
		BAD_ID=0
		CONNECTION=0
		IO_ERROR=0
		WRONG_LENGTH=0
		WRONG_MAP=0
		WRONG_REDUCE=0
	File Input Format Counters 
		Bytes Read=83
	File Output Format Counters 
		Bytes Written=5
hduser@navin-ganges:~$ hadoop fs -cat /Outputs/DWC2/part-r-0000016/09/12 18:57:28 WARN util.NativeCodeLoader: Unable to load native-hadoop library for your platform... using builtin-java classes where applicable
Hi	2
hduser@navin-ganges:~$ 
hduser@navin-ganges:~$ hadoop jar /home/navin-ganges/Documents/ProjectJars/WordCountv3.jar org.wordcount.WordCountv2 /Inputs/WC1.txt /Outputs/DWC3 Hadoop
16/09/12 19:00:48 WARN util.NativeCodeLoader: Unable to load native-hadoop library for your platform... using builtin-java classes where applicable
16/09/12 19:00:49 INFO Configuration.deprecation: session.id is deprecated. Instead, use dfs.metrics.session-id
16/09/12 19:00:49 INFO jvm.JvmMetrics: Initializing JVM Metrics with processName=JobTracker, sessionId=
16/09/12 19:00:50 WARN mapreduce.JobSubmitter: Hadoop command-line option parsing not performed. Implement the Tool interface and execute your application with ToolRunner to remedy this.
16/09/12 19:00:50 INFO input.FileInputFormat: Total input paths to process : 1
16/09/12 19:00:51 INFO mapreduce.JobSubmitter: number of splits:1
16/09/12 19:00:51 INFO mapreduce.JobSubmitter: Submitting tokens for job: job_local1378010311_0001
16/09/12 19:00:51 INFO mapreduce.Job: The url to track the job: http://localhost:8080/
16/09/12 19:00:51 INFO mapreduce.Job: Running job: job_local1378010311_0001
16/09/12 19:00:51 INFO mapred.LocalJobRunner: OutputCommitter set in config null
16/09/12 19:00:51 INFO mapred.LocalJobRunner: OutputCommitter is org.apache.hadoop.mapreduce.lib.output.FileOutputCommitter
16/09/12 19:00:51 INFO mapred.LocalJobRunner: Waiting for map tasks
16/09/12 19:00:51 INFO mapred.LocalJobRunner: Starting task: attempt_local1378010311_0001_m_000000_0
16/09/12 19:00:52 INFO mapred.Task:  Using ResourceCalculatorProcessTree : [ ]
16/09/12 19:00:52 INFO mapred.MapTask: Processing split: hdfs://localhost:54310/Inputs/WC1.txt:0+83
16/09/12 19:00:53 INFO mapreduce.Job: Job job_local1378010311_0001 running in uber mode : false
16/09/12 19:00:54 INFO mapred.MapTask: (EQUATOR) 0 kvi 26214396(104857584)
16/09/12 19:00:54 INFO mapred.MapTask: mapreduce.task.io.sort.mb: 100
16/09/12 19:00:54 INFO mapred.MapTask: soft limit at 83886080
16/09/12 19:00:54 INFO mapred.MapTask: bufstart = 0; bufvoid = 104857600
16/09/12 19:00:54 INFO mapred.MapTask: kvstart = 26214396; length = 6553600
16/09/12 19:00:54 INFO mapreduce.Job:  map 0% reduce 0%
16/09/12 19:00:57 INFO mapred.MapTask: Map output collector class = org.apache.hadoop.mapred.MapTask$MapOutputBuffer
16/09/12 19:01:00 INFO mapred.LocalJobRunner: 
16/09/12 19:01:01 INFO mapred.MapTask: Starting flush of map output
16/09/12 19:01:01 INFO mapred.MapTask: Spilling map output
16/09/12 19:01:01 INFO mapred.MapTask: bufstart = 0; bufend = 55; bufvoid = 104857600
16/09/12 19:01:01 INFO mapred.MapTask: kvstart = 26214396(104857584); kvend = 26214380(104857520); length = 17/6553600
16/09/12 19:01:01 INFO mapred.MapTask: Finished spill 0
16/09/12 19:01:01 INFO mapred.Task: Task:attempt_local1378010311_0001_m_000000_0 is done. And is in the process of committing
16/09/12 19:01:01 INFO mapred.LocalJobRunner: map
16/09/12 19:01:01 INFO mapred.Task: Task 'attempt_local1378010311_0001_m_000000_0' done.
16/09/12 19:01:01 INFO mapred.LocalJobRunner: Finishing task: attempt_local1378010311_0001_m_000000_0
16/09/12 19:01:01 INFO mapred.LocalJobRunner: map task executor complete.
16/09/12 19:01:01 INFO mapred.LocalJobRunner: Waiting for reduce tasks
16/09/12 19:01:01 INFO mapred.LocalJobRunner: Starting task: attempt_local1378010311_0001_r_000000_0
16/09/12 19:01:01 INFO mapred.Task:  Using ResourceCalculatorProcessTree : [ ]
16/09/12 19:01:02 INFO mapred.ReduceTask: Using ShuffleConsumerPlugin: org.apache.hadoop.mapreduce.task.reduce.Shuffle@2472bf
16/09/12 19:01:02 INFO reduce.MergeManagerImpl: MergerManager: memoryLimit=363285696, maxSingleShuffleLimit=90821424, mergeThreshold=239768576, ioSortFactor=10, memToMemMergeOutputsThreshold=10
16/09/12 19:01:02 INFO reduce.EventFetcher: attempt_local1378010311_0001_r_000000_0 Thread started: EventFetcher for fetching Map Completion Events
16/09/12 19:01:02 INFO mapreduce.Job:  map 100% reduce 0%
16/09/12 19:01:03 INFO reduce.LocalFetcher: localfetcher#1 about to shuffle output of map attempt_local1378010311_0001_m_000000_0 decomp: 15 len: 19 to MEMORY
16/09/12 19:01:04 INFO reduce.InMemoryMapOutput: Read 15 bytes from map-output for attempt_local1378010311_0001_m_000000_0
16/09/12 19:01:05 INFO reduce.MergeManagerImpl: closeInMemoryFile -> map-output of size: 15, inMemoryMapOutputs.size() -> 1, commitMemory -> 0, usedMemory ->15
16/09/12 19:01:05 INFO reduce.EventFetcher: EventFetcher is interrupted.. Returning
16/09/12 19:01:05 INFO mapred.LocalJobRunner: 1 / 1 copied.
16/09/12 19:01:05 INFO reduce.MergeManagerImpl: finalMerge called with 1 in-memory map-outputs and 0 on-disk map-outputs
16/09/12 19:01:05 INFO mapred.Merger: Merging 1 sorted segments
16/09/12 19:01:05 INFO mapred.Merger: Down to the last merge-pass, with 1 segments left of total size: 6 bytes
16/09/12 19:01:05 INFO reduce.MergeManagerImpl: Merged 1 segments, 15 bytes to disk to satisfy reduce memory limit
16/09/12 19:01:05 INFO reduce.MergeManagerImpl: Merging 1 files, 19 bytes from disk
16/09/12 19:01:06 INFO reduce.MergeManagerImpl: Merging 0 segments, 0 bytes from memory into reduce
16/09/12 19:01:06 INFO mapred.Merger: Merging 1 sorted segments
16/09/12 19:01:06 INFO mapred.Merger: Down to the last merge-pass, with 1 segments left of total size: 6 bytes
16/09/12 19:01:06 INFO mapred.LocalJobRunner: 1 / 1 copied.
16/09/12 19:01:06 INFO Configuration.deprecation: mapred.skip.on is deprecated. Instead, use mapreduce.job.skiprecords
16/09/12 19:01:08 INFO mapred.LocalJobRunner: reduce > reduce
16/09/12 19:01:08 INFO mapred.Task: Task:attempt_local1378010311_0001_r_000000_0 is done. And is in the process of committing
16/09/12 19:01:08 INFO mapred.LocalJobRunner: reduce > reduce
16/09/12 19:01:08 INFO mapred.Task: Task attempt_local1378010311_0001_r_000000_0 is allowed to commit now
16/09/12 19:01:08 INFO output.FileOutputCommitter: Saved output of task 'attempt_local1378010311_0001_r_000000_0' to hdfs://localhost:54310/Outputs/DWC3/_temporary/0/task_local1378010311_0001_r_000000
16/09/12 19:01:08 INFO mapred.LocalJobRunner: reduce > reduce
16/09/12 19:01:08 INFO mapred.Task: Task 'attempt_local1378010311_0001_r_000000_0' done.
16/09/12 19:01:08 INFO mapred.LocalJobRunner: Finishing task: attempt_local1378010311_0001_r_000000_0
16/09/12 19:01:08 INFO mapred.LocalJobRunner: reduce task executor complete.
16/09/12 19:01:08 INFO mapreduce.Job:  map 100% reduce 100%
16/09/12 19:01:09 INFO mapreduce.Job: Job job_local1378010311_0001 completed successfully
16/09/12 19:01:09 INFO mapreduce.Job: Counters: 38
	File System Counters
		FILE: Number of bytes read=9018
		FILE: Number of bytes written=510847
		FILE: Number of read operations=0
		FILE: Number of large read operations=0
		FILE: Number of write operations=0
		HDFS: Number of bytes read=166
		HDFS: Number of bytes written=9
		HDFS: Number of read operations=13
		HDFS: Number of large read operations=0
		HDFS: Number of write operations=4
	Map-Reduce Framework
		Map input records=5
		Map output records=5
		Map output bytes=55
		Map output materialized bytes=19
		Input split bytes=102
		Combine input records=5
		Combine output records=1
		Reduce input groups=1
		Reduce shuffle bytes=19
		Reduce input records=1
		Reduce output records=1
		Spilled Records=2
		Shuffled Maps =1
		Failed Shuffles=0
		Merged Map outputs=1
		GC time elapsed (ms)=188
		CPU time spent (ms)=0
		Physical memory (bytes) snapshot=0
		Virtual memory (bytes) snapshot=0
		Total committed heap usage (bytes)=233578496
	Shuffle Errors
		BAD_ID=0
		CONNECTION=0
		IO_ERROR=0
		WRONG_LENGTH=0
		WRONG_MAP=0
		WRONG_REDUCE=0
	File Input Format Counters 
		Bytes Read=83
	File Output Format Counters 
		Bytes Written=9
hduser@navin-ganges:~$ hadoop fs -cat /Outputs/DWC3/part-r-0000016/09/12 19:01:29 WARN util.NativeCodeLoader: Unable to load native-hadoop library for your platform... using builtin-java classes where applicable
Hadoop	5
hduser@navin-ganges:~$ 

